// Jest Snapshot v1, https://goo.gl/fbAQLP

exports[`<AddInsuranceScreen /> renders properly 1`] = `
ShallowWrapper {
  "length": 1,
  Symbol(enzyme.__root__): [Circular],
  Symbol(enzyme.__unrendered__): <AddInsuranceScreen />,
  Symbol(enzyme.__renderer__): Object {
    "batchedUpdates": [Function],
    "getNode": [Function],
    "render": [Function],
    "simulateEvent": [Function],
    "unmount": [Function],
  },
  Symbol(enzyme.__node__): Object {
    "instance": null,
    "key": undefined,
    "nodeType": "class",
    "props": Object {
      "children": Array [
        <StatusBar
          animated={false}
          hidden={true}
          showHideTransition="fade"
        />,
        <Header
          centerComponent={
            Object {
              "style": Object {
                "color": "#FBF7F7",
                "fontSize": 20,
              },
              "text": "Add Insurance",
            }
          }
          outerContainerStyles={
            Object {
              "backgroundColor": "#DC4712",
            }
          }
        />,
        <AddInsuranceForm />,
      ],
      "style": Object {
        "backgroundColor": "#F1E9E3",
        "flex": 1,
      },
    },
    "ref": null,
    "rendered": Array [
      Object {
        "instance": null,
        "key": undefined,
        "nodeType": "class",
        "props": Object {
          "animated": false,
          "hidden": true,
          "showHideTransition": "fade",
        },
        "ref": null,
        "rendered": null,
        "type": [Function],
      },
      Object {
        "instance": null,
        "key": undefined,
        "nodeType": "function",
        "props": Object {
          "centerComponent": Object {
            "style": Object {
              "color": "#FBF7F7",
              "fontSize": 20,
            },
            "text": "Add Insurance",
          },
          "outerContainerStyles": Object {
            "backgroundColor": "#DC4712",
          },
        },
        "ref": null,
        "rendered": null,
        "type": [Function],
      },
      Object {
        "instance": null,
        "key": undefined,
        "nodeType": "class",
        "props": Object {},
        "ref": null,
        "rendered": null,
        "type": [Function],
      },
    ],
    "type": [Function],
  },
  Symbol(enzyme.__nodes__): Array [
    Object {
      "instance": null,
      "key": undefined,
      "nodeType": "class",
      "props": Object {
        "children": Array [
          <StatusBar
            animated={false}
            hidden={true}
            showHideTransition="fade"
          />,
          <Header
            centerComponent={
              Object {
                "style": Object {
                  "color": "#FBF7F7",
                  "fontSize": 20,
                },
                "text": "Add Insurance",
              }
            }
            outerContainerStyles={
              Object {
                "backgroundColor": "#DC4712",
              }
            }
          />,
          <AddInsuranceForm />,
        ],
        "style": Object {
          "backgroundColor": "#F1E9E3",
          "flex": 1,
        },
      },
      "ref": null,
      "rendered": Array [
        Object {
          "instance": null,
          "key": undefined,
          "nodeType": "class",
          "props": Object {
            "animated": false,
            "hidden": true,
            "showHideTransition": "fade",
          },
          "ref": null,
          "rendered": null,
          "type": [Function],
        },
        Object {
          "instance": null,
          "key": undefined,
          "nodeType": "function",
          "props": Object {
            "centerComponent": Object {
              "style": Object {
                "color": "#FBF7F7",
                "fontSize": 20,
              },
              "text": "Add Insurance",
            },
            "outerContainerStyles": Object {
              "backgroundColor": "#DC4712",
            },
          },
          "ref": null,
          "rendered": null,
          "type": [Function],
        },
        Object {
          "instance": null,
          "key": undefined,
          "nodeType": "class",
          "props": Object {},
          "ref": null,
          "rendered": null,
          "type": [Function],
        },
      ],
      "type": [Function],
    },
  ],
  Symbol(enzyme.__options__): Object {
    "adapter": ReactSixteenAdapter {
      "options": Object {
        "enableComponentDidUpdateOnSetState": true,
      },
    },
  },
}
`;
