// Jest Snapshot v1, https://goo.gl/fbAQLP

exports[`<AddInsuranceForm /> renders properly 1`] = `
ShallowWrapper {
  "length": 1,
  Symbol(enzyme.__root__): [Circular],
  Symbol(enzyme.__unrendered__): <AddInsuranceForm />,
  Symbol(enzyme.__renderer__): Object {
    "batchedUpdates": [Function],
    "getNode": [Function],
    "render": [Function],
    "simulateEvent": [Function],
    "unmount": [Function],
  },
  Symbol(enzyme.__node__): Object {
    "instance": null,
    "key": undefined,
    "nodeType": "class",
    "props": Object {
      "children": Array [
        <FormLabel
          labelStyle={
            Object {
              "color": "#EE712B",
              "fontSize": 18,
            }
          }
        >
          Title:
        </FormLabel>,
        <FormInput
          normalizeFontSize={true}
        />,
        <FormLabel
          labelStyle={
            Object {
              "color": "#EE712B",
              "fontSize": 18,
            }
          }
        >
          Premium (yearly):
        </FormLabel>,
        <FormInput
          normalizeFontSize={true}
        />,
        <FormLabel
          labelStyle={
            Object {
              "color": "#EE712B",
              "fontSize": 18,
            }
          }
        >
          Category:
        </FormLabel>,
        <FormInput
          normalizeFontSize={true}
        />,
        <Button
          buttonStyle={
            Object {
              "backgroundColor": "#DC4712",
              "height": 60,
            }
          }
          textStyle={
            Object {
              "fontSize": 18,
            }
          }
          title="Done"
        />,
      ],
    },
    "ref": null,
    "rendered": Array [
      Object {
        "instance": null,
        "key": undefined,
        "nodeType": "function",
        "props": Object {
          "children": "Title:",
          "labelStyle": Object {
            "color": "#EE712B",
            "fontSize": 18,
          },
        },
        "ref": null,
        "rendered": "Title:",
        "type": [Function],
      },
      Object {
        "instance": null,
        "key": undefined,
        "nodeType": "class",
        "props": Object {
          "normalizeFontSize": true,
        },
        "ref": null,
        "rendered": null,
        "type": [Function],
      },
      Object {
        "instance": null,
        "key": undefined,
        "nodeType": "function",
        "props": Object {
          "children": "Premium (yearly):",
          "labelStyle": Object {
            "color": "#EE712B",
            "fontSize": 18,
          },
        },
        "ref": null,
        "rendered": "Premium (yearly):",
        "type": [Function],
      },
      Object {
        "instance": null,
        "key": undefined,
        "nodeType": "class",
        "props": Object {
          "normalizeFontSize": true,
        },
        "ref": null,
        "rendered": null,
        "type": [Function],
      },
      Object {
        "instance": null,
        "key": undefined,
        "nodeType": "function",
        "props": Object {
          "children": "Category:",
          "labelStyle": Object {
            "color": "#EE712B",
            "fontSize": 18,
          },
        },
        "ref": null,
        "rendered": "Category:",
        "type": [Function],
      },
      Object {
        "instance": null,
        "key": undefined,
        "nodeType": "class",
        "props": Object {
          "normalizeFontSize": true,
        },
        "ref": null,
        "rendered": null,
        "type": [Function],
      },
      Object {
        "instance": null,
        "key": undefined,
        "nodeType": "function",
        "props": Object {
          "buttonStyle": Object {
            "backgroundColor": "#DC4712",
            "height": 60,
          },
          "textStyle": Object {
            "fontSize": 18,
          },
          "title": "Done",
        },
        "ref": null,
        "rendered": null,
        "type": [Function],
      },
    ],
    "type": [Function],
  },
  Symbol(enzyme.__nodes__): Array [
    Object {
      "instance": null,
      "key": undefined,
      "nodeType": "class",
      "props": Object {
        "children": Array [
          <FormLabel
            labelStyle={
              Object {
                "color": "#EE712B",
                "fontSize": 18,
              }
            }
          >
            Title:
          </FormLabel>,
          <FormInput
            normalizeFontSize={true}
          />,
          <FormLabel
            labelStyle={
              Object {
                "color": "#EE712B",
                "fontSize": 18,
              }
            }
          >
            Premium (yearly):
          </FormLabel>,
          <FormInput
            normalizeFontSize={true}
          />,
          <FormLabel
            labelStyle={
              Object {
                "color": "#EE712B",
                "fontSize": 18,
              }
            }
          >
            Category:
          </FormLabel>,
          <FormInput
            normalizeFontSize={true}
          />,
          <Button
            buttonStyle={
              Object {
                "backgroundColor": "#DC4712",
                "height": 60,
              }
            }
            textStyle={
              Object {
                "fontSize": 18,
              }
            }
            title="Done"
          />,
        ],
      },
      "ref": null,
      "rendered": Array [
        Object {
          "instance": null,
          "key": undefined,
          "nodeType": "function",
          "props": Object {
            "children": "Title:",
            "labelStyle": Object {
              "color": "#EE712B",
              "fontSize": 18,
            },
          },
          "ref": null,
          "rendered": "Title:",
          "type": [Function],
        },
        Object {
          "instance": null,
          "key": undefined,
          "nodeType": "class",
          "props": Object {
            "normalizeFontSize": true,
          },
          "ref": null,
          "rendered": null,
          "type": [Function],
        },
        Object {
          "instance": null,
          "key": undefined,
          "nodeType": "function",
          "props": Object {
            "children": "Premium (yearly):",
            "labelStyle": Object {
              "color": "#EE712B",
              "fontSize": 18,
            },
          },
          "ref": null,
          "rendered": "Premium (yearly):",
          "type": [Function],
        },
        Object {
          "instance": null,
          "key": undefined,
          "nodeType": "class",
          "props": Object {
            "normalizeFontSize": true,
          },
          "ref": null,
          "rendered": null,
          "type": [Function],
        },
        Object {
          "instance": null,
          "key": undefined,
          "nodeType": "function",
          "props": Object {
            "children": "Category:",
            "labelStyle": Object {
              "color": "#EE712B",
              "fontSize": 18,
            },
          },
          "ref": null,
          "rendered": "Category:",
          "type": [Function],
        },
        Object {
          "instance": null,
          "key": undefined,
          "nodeType": "class",
          "props": Object {
            "normalizeFontSize": true,
          },
          "ref": null,
          "rendered": null,
          "type": [Function],
        },
        Object {
          "instance": null,
          "key": undefined,
          "nodeType": "function",
          "props": Object {
            "buttonStyle": Object {
              "backgroundColor": "#DC4712",
              "height": 60,
            },
            "textStyle": Object {
              "fontSize": 18,
            },
            "title": "Done",
          },
          "ref": null,
          "rendered": null,
          "type": [Function],
        },
      ],
      "type": [Function],
    },
  ],
  Symbol(enzyme.__options__): Object {
    "adapter": ReactSixteenAdapter {
      "options": Object {
        "enableComponentDidUpdateOnSetState": true,
      },
    },
  },
}
`;
